hi I'm wangemngyu
add change two!
add change three
add change four 
add five
I learn branch on hotfix
the issue is over
